Length: 33 (0x21) bytes
0000:   08 00 00 00  00 00 00 00  01 00 16 6e  69 64 3a 2f   ...........nid:/
0010:   2f 31 32 37  2e 30 2e 31  2e 31 3a 38  30 30 31 3a   /127.0.1.1:8001:
0020:   30                                                   0
