Length: 11 (0xb) bytes
0000:   07 00 05 00  00 00 00 00  00 00 2a                   ..........*
