Length: 7 (0x7) bytes
0000:   05 00 04 30  2e 31 61                                ...0.1a
