[ ModifyState GraphTerminal , Terminate "Bye." ]
fromList []