[ ( Name { unName = "setX" } , Sig [] TVoid )
, ( Name { unName = "setX2" } , Sig [] TVoid )
, ( Name { unName = "setY" } , Sig [] TVoid )
, ( Name { unName = "setY2" } , Sig [] TVoid )
, ( Name { unName = "setZ" } , Sig [] TAny )
]