[ ( Name { unName = "end" }
  , Sig [] TAny
  , Effects { effectSet = fromList [ Write ] }
  )
, ( Name { unName = "setX" }
  , Sig [] TVoid
  , Effects
      { effectSet = fromList [ Write , WriteVar Name { unName = "x" } ] }
  )
]