[ ( Name { unName = "put" }
  , Sig [ TMsg ] TVoid
  , Effects
      { effectSet =
          fromList [ Write , Read , WriteVar Name { unName = "signature" } ]
      }
  )
, ( Name { unName = "end" }
  , Sig [] TAny
  , Effects { effectSet = fromList [ Write ] }
  )
]