Duplicate definitions found:
 - Duplicate transition: transition a -> b