We have the following graph errors:
Cannot reach state 'a' from initial state in graph.
Cannot reach state 'terminal' from initial state in graph.