In method exitTwo:
Variable "a" undefined at:
  - line 35:7
  - line 37:10
Variable "b" undefined at:
  - line 35:3
  - line 36:10
Stack trace leading up to error:
  - @stateB:exitTwo to @terminal
  - @myInitial:init to @stateB
  - @initial:go to @myInitial