[ ( Name { unName = "go" } , Sig [] TVoid )
, ( Name { unName = "init" } , Sig [] TVoid )
, ( Name { unName = "exitOne" } , Sig [] TAny )
, ( Name { unName = "exitTwo" } , Sig [] TAny )
]