[ ( Name { unName = "init" } , Sig [] TAny , Write ) ]