Variable "a" undefined at:
  - line 2:21
Variable "b" undefined at:
  - line 2:23