Length: 395 (0x18b) bytes
0000:   03 f0 00 80  61 66 30 62  33 33 64 39  65 38 61 66   ....af0b33d9e8af
0010:   32 62 37 37  31 32 30 30  61 38 37 30  31 32 66 63   2b771200a87012fc
0020:   36 61 61 30  37 62 33 39  31 64 38 61  63 30 31 62   6aa07b391d8ac01b
0030:   34 30 39 37  35 33 35 39  61 37 64 33  35 64 33 38   40975359a7d35d38
0040:   66 31 33 62  39 64 31 64  36 35 62 32  38 61 39 61   f13b9d1d65b28a9a
0050:   31 61 34 31  33 34 33 36  63 66 36 64  63 35 62 61   1a413436cf6dc5ba
0060:   66 63 62 35  35 31 61 34  39 35 33 62  38 66 33 30   fcb551a4953b8f30
0070:   63 37 35 31  64 31 31 31  32 36 32 65  64 30 37 61   c751d111262ed07a
0080:   31 33 66 64  00 03 47 4d  54 00 00 00  00 00 00 00   13fd..GMT.......
0090:   00 00 d8 41  45 34 78 4d  54 55 78 4d  7a 59 34 4d   ...AE4xMTUxMzY4M
00a0:   44 41 34 4d  6a 41 30 4e  54 59 34 4d  7a 4d 33 4d   DA4MjA0NTY4MzM3M
00b0:   7a 63 35 4f  54 51 78 4d  6a 59 33 4e  7a 45 7a 4f   zc5OTQxMjY3NzEzO
00c0:   44 59 77 4d  54 55 77 4d  6a 59 79 4f  44 63 77 4f   DYwMTUwMjYyODcwO
00d0:   54 55 77 4d  7a 51 32 4d  6a 55 32 4d  6a 4d 32 4e   TUwMzQ2MjU2MjM2N
00e0:   44 51 78 4f  44 59 79 4e  7a 67 78 4d  44 67 35 4d   DQxODYyNzgxMDg5M
00f0:   6a 59 32 4f  54 41 33 4e  7a 6b 31 4e  6a 63 36 41   jY2OTA3Nzk1Njc6A
0100:   45 30 33 4d  44 55 78 4e  54 67 32 4f  54 45 35 4e   E03MDUxNTg2OTE5N
0110:   7a 41 35 4e  6a 63 31 4e  44 63 30 4e  6a 55 79 4d   zA5Njc1NDc0NjUyM
0120:   6a 63 34 4d  6a 49 32 4e  7a 45 78 4d  7a 67 31 4f   jc4MjI2NzExMzg1O
0130:   54 41 78 4f  44 41 79 4f  44 63 34 4f  44 55 32 4e   TAxODAyODc4ODU2N
0140:   44 6b 78 4e  6a 63 32 4f  44 45 31 4e  54 49 30 4d   DkxNjc2ODE1NTI0M
0150:   44 51 34 4e  7a 55 78 4e  7a 6b 7a 4e  7a 4d 30 4d   DQ4NzUxNzkzNzM0M
0160:   44 45 33 4e  7a 51 7a 4f  51 3d 3d 09  f9 55 4a e9   DE3NzQzOQ==..UJ.
0170:   80 4c 33 00  ab ca 52 3a  63 6a 53 af  81 f6 39 ad   .L3...R:cjS...9.
0180:   6e ba 17 0e  05 18 f0 3f  e2 9e 29                   n......?..)
