<?xml version="1.0" encoding="UTF-8"?>
<transactionHeaders>
    <CreateAsset assetName="&quot;test&quot;" supply="1000" reference="4" assetType="Discrete">
        <key value="Company">Adjoint Inc.</key>
    </CreateAsset>
</transactionHeaders>