<?xml version="1.0" encoding="UTF-8"?>
<transactionHeaders>
    <CreateContract>&quot; global float x = 0.0;  global fixed3 f3 = 1.234f;  global fixed2 q;  local int y = 7;  local float v;  assetFrac5 z = a&apos;H1tbrEKWGpbPjSeG856kz2DjViCwMU3qTw3i1PqCLz65&apos;;  contract c = c&apos;H1tbrEKWGpbPjSeG856kz2DjViCwMU3qTw3i1PqCLz65&apos;;   account a = u&apos;H1tbrEKWGpbPjSeG856kz2DjViCwMU3qTw3i1PqCLz65&apos;;    datetime dt;    transition initial -&gt; setX;  transition setX -&gt; update;  transition update -&gt; setX;  transition setX -&gt; setup;  transition update -&gt; setup;  transition setup -&gt; confirmation;  transition confirmation -&gt; settlement;  transition settlement -&gt; terminal;    transition initial -&gt; circulated;  transition circulated -&gt; terminal;    @setDate  setDate() {    dt = \&quot;2020-10-20T15:50:12+00:00\&quot;;  }    @initial  initialize () {    transitionTo(:setX);  }    @setup  confirm () {    transitionTo(:confirmation);  }    @confirmation  settle () {    transitionTo(:settlement);  }    @settlement  finalize () {    transitionTo(:terminal);  }    @setX  setX (int j, float k) {    x = k;    y = y * j;    f3 = 2.516f + f3;    x = fixed3ToFloat(floatToFixed3(k)) + x;    transitionTo(:update);  }    @setX  fixX () {    transitionTo(:setup);  }    @update  fixY () {    transitionTo(:setup);  }    @update  update () {    j = 10 + 7 * 10;    k = j;    l = k;    m = 1.23f + 4.56f - 7.89f * 9.87f / 65.43f;    q = m + 1.00f + floatToFixed2(x);    transitionTo(:setX);  }    @f  f (int j, bool k) {     if (k) {    } else {    };  }        @g  g (assetDisc f, account t) {    if (assetExists(f) &amp;&amp; accountExists(t)) {      transferTo(f, 20);      transferFrom(f, 20, t);    };  }    @initial  circulate(assetFrac2 af2, fixed2 amount) {    circulate(af2, amount);    transitionTo(:circulated);  }    @circulated  transfer(assetBin ab, account from, account to, bool amount) {    transferHoldings(from,ab,amount,to);    terminate(\&quot;finished transfer\&quot;);  }&quot;</CreateContract>
</transactionHeaders>