Type error at Line 18, Column 14:
   Invalid function name:  flop