Type error at Line 13, Column 3:
   Invalid function name:  addOneForever