{
    "holdings": {},
    "issuedOn": 1231006505,
    "supply": 100000,
    "reference": "Security",
    "address": "Co66qb7yN2WWcqC6vx2HxLVxP5y3ifDeyhXDbtMpXCHW",
    "name": "hamburgers",
    "metadata": {
        "Company": "Adjoint Inc."
    },
    "assetType": {
        "tag": "Discrete",
        "contents": null
    },
    "issuer": "fwBVDsVh8SYQy98CzYpNPcbyTRczVUZ96HszhNRB8Ve"
}