{
    "signature": "AE4xMTUxMzY4MDA4MjA0NTY4MzM3Mzc5OTQxMjY3NzEzODYwMTUwMjYyODcwOTUwMzQ2MjU2MjM2NDQxODYyNzgxMDg5MjY2OTA3Nzk1Njc6AE03MzQ0MzA2NDg2NjQ0NzY3ODYzMTU5NTc0NTgyMzMwOTc5NTMxODg5ODU4ODY5MzU5ODg5NTAyMjkxMDgyNTcyODUxNzc3NTkzMjY5OA==",
    "origin": "fwBVDsVh8SYQy98CzYpNPcbyTRczVUZ96HszhNRB8Ve",
    "header": {
        "tag": "TxAsset",
        "contents": {
            "tag": "Bind",
            "contents": {
                "proof": [
                    "115136800820456833737994126771386015026287095034625623644186278108926690779567",
                    "98245280522003505644797670843107276132602050133082625768706491602875725788467"
                ],
                "asset": "43WRxMNcnYgZFcE36iohqrXKQdajUdAxeSn9mzE1ZedB",
                "contract": "7mR5d7s6cKB4qjuX1kiwwNtygfURhFQ9TKvEd9kmq6QL"
            }
        }
    }
}