Duplicate variables found:
 > Duplicate constructor: Bar