Type error at Line 7, Column 8:
   Pattern match failures:
       - Duplicate case for: Foo