[ ( Name { unName = "start" }
  , Sig [ TEnum Name { unName = "direction" } ] TVoid
  )
, ( Name { unName = "increase" } , Sig [] TVoid )
, ( Name { unName = "assignedStop" } , Sig [] TAny )
, ( Name { unName = "assign" }
  , Sig [ TEnum Name { unName = "direction" } ] TVoid
  )
]