Type error at Line 9, Column 18:
   Reference to undefined constructor:
      weird